src/app/dashboard/automations/new/page.tsx(101,5): error TS2657: JSX expressions must have one parent element.
src/app/dashboard/automations/new/page.tsx(112,65): error TS1109: Expression expected.
src/app/dashboard/automations/new/page.tsx(112,70): error TS1005: ',' expected.
src/app/dashboard/automations/new/page.tsx(112,72): error TS1005: ',' expected.
src/app/dashboard/automations/new/page.tsx(112,73): error TS1005: '...' expected.
src/app/dashboard/automations/new/page.tsx(112,96): error TS1003: Identifier expected.
src/app/dashboard/automations/new/page.tsx(112,104): error TS1381: Unexpected token. Did you mean `{'}'}` or `&rbrace;`?
src/app/dashboard/automations/new/page.tsx(112,105): error TS1381: Unexpected token. Did you mean `{'}'}` or `&rbrace;`?
src/app/dashboard/automations/new/page.tsx(112,108): error TS1382: Unexpected token. Did you mean `{'>'}` or `&gt;`?
src/app/dashboard/automations/new/page.tsx(114,35): error TS1109: Expression expected.
src/app/dashboard/automations/new/page.tsx(114,40): error TS1005: '}' expected.
src/app/dashboard/automations/new/page.tsx(114,149): error TS1381: Unexpected token. Did you mean `{'}'}` or `&rbrace;`?
src/app/dashboard/automations/new/page.tsx(114,150): error TS1382: Unexpected token. Did you mean `{'>'}` or `&gt;`?
src/app/dashboard/automations/new/page.tsx(117,11): error TS1381: Unexpected token. Did you mean `{'}'}` or `&rbrace;`?
src/app/dashboard/automations/new/page.tsx(165,57): error TS1109: Expression expected.
src/app/dashboard/automations/new/page.tsx(165,62): error TS1005: '}' expected.
src/app/dashboard/automations/new/page.tsx(165,149): error TS1381: Unexpected token. Did you mean `{'}'}` or `&rbrace;`?
src/app/dashboard/automations/new/page.tsx(165,186): error TS1382: Unexpected token. Did you mean `{'>'}` or `&gt;`?
src/app/dashboard/automations/new/page.tsx(178,27): error TS1381: Unexpected token. Did you mean `{'}'}` or `&rbrace;`?
src/app/dashboard/automations/new/page.tsx(179,25): error TS17015: Expected corresponding closing tag for JSX fragment.
src/app/dashboard/automations/new/page.tsx(179,28): error TS1382: Unexpected token. Did you mean `{'>'}` or `&gt;`?
src/app/dashboard/automations/new/page.tsx(183,23): error TS1003: Identifier expected.
src/app/dashboard/automations/new/page.tsx(184,21): error TS1005: '}' expected.
src/app/dashboard/automations/new/page.tsx(198,20): error TS1381: Unexpected token. Did you mean `{'}'}` or `&rbrace;`?
src/app/dashboard/automations/new/page.tsx(199,19): error TS17002: Expected corresponding JSX closing tag for 'motion.div'.
src/app/dashboard/automations/new/page.tsx(223,15): error TS17002: Expected corresponding JSX closing tag for 'AnimatePresence'.
src/app/dashboard/automations/new/page.tsx(224,12): error TS1381: Unexpected token. Did you mean `{'}'}` or `&rbrace;`?
src/app/dashboard/automations/new/page.tsx(260,13): error TS2657: JSX expressions must have one parent element.
src/app/dashboard/automations/new/page.tsx(272,76): error TS1109: Expression expected.
src/app/dashboard/automations/new/page.tsx(272,81): error TS1005: '}' expected.
src/app/dashboard/automations/new/page.tsx(272,167): error TS1381: Unexpected token. Did you mean `{'}'}` or `&rbrace;`?
src/app/dashboard/automations/new/page.tsx(272,168): error TS1382: Unexpected token. Did you mean `{'>'}` or `&gt;`?
src/app/dashboard/automations/new/page.tsx(277,79): error TS1109: Expression expected.
src/app/dashboard/automations/new/page.tsx(277,84): error TS1005: '}' expected.
src/app/dashboard/automations/new/page.tsx(277,173): error TS1381: Unexpected token. Did you mean `{'}'}` or `&rbrace;`?
src/app/dashboard/automations/new/page.tsx(277,174): error TS1382: Unexpected token. Did you mean `{'>'}` or `&gt;`?
src/app/dashboard/automations/new/page.tsx(281,19): error TS17002: Expected corresponding JSX closing tag for 'motion.div'.
src/app/dashboard/automations/new/page.tsx(282,80): error TS1109: Expression expected.
src/app/dashboard/automations/new/page.tsx(282,85): error TS1005: ')' expected.
src/app/dashboard/automations/new/page.tsx(282,85): error TS1005: '}' expected.
src/app/dashboard/automations/new/page.tsx(282,175): error TS1381: Unexpected token. Did you mean `{'}'}` or `&rbrace;`?
src/app/dashboard/automations/new/page.tsx(282,176): error TS1382: Unexpected token. Did you mean `{'>'}` or `&gt;`?
src/app/dashboard/automations/new/page.tsx(287,15): error TS1005: ')' expected.
src/app/dashboard/automations/new/page.tsx(348,13): error TS1128: Declaration or statement expected.
src/app/dashboard/automations/new/page.tsx(349,11): error TS1109: Expression expected.
src/app/dashboard/automations/new/page.tsx(381,9): error TS1128: Declaration or statement expected.
src/app/dashboard/automations/new/page.tsx(384,14): error TS1005: ';' expected.
src/app/dashboard/automations/new/page.tsx(384,31): error TS1005: ',' expected.
src/app/dashboard/automations/new/page.tsx(385,18): error TS1005: ',' expected.
src/app/dashboard/automations/new/page.tsx(389,13): error TS1128: Declaration or statement expected.
src/app/dashboard/automations/new/page.tsx(398,9): error TS1128: Declaration or statement expected.
src/app/dashboard/automations/new/page.tsx(399,7): error TS1109: Expression expected.
src/app/dashboard/automations/new/page.tsx(400,5): error TS1109: Expression expected.
src/app/dashboard/automations/new/page.tsx(401,3): error TS1109: Expression expected.
src/app/dashboard/automations/new/page.tsx(402,1): error TS1128: Declaration or statement expected.
src/app/dashboard/knowledge-base/page.tsx(72,2): error TS1109: Expression expected.
src/app/dashboard/knowledge-base/page.tsx(72,7): error TS1005: '}' expected.
src/app/dashboard/knowledge-base/page.tsx(74,71): error TS1381: Unexpected token. Did you mean `{'}'}` or `&rbrace;`?
src/app/LandingClient.tsx(89,27): error TS1109: Expression expected.
src/app/LandingClient.tsx(89,32): error TS1005: '}' expected.
src/app/LandingClient.tsx(89,80): error TS1381: Unexpected token. Did you mean `{'}'}` or `&rbrace;`?
src/app/LandingClient.tsx(89,81): error TS1382: Unexpected token. Did you mean `{'>'}` or `&gt;`?
src/app/LandingClient.tsx(188,11): error TS17002: Expected corresponding JSX closing tag for 'section'.
src/app/LandingClient.tsx(189,9): error TS17002: Expected corresponding JSX closing tag for 'main'.
src/app/LandingClient.tsx(192,7): error TS1005: ')' expected.
src/app/LandingClient.tsx(231,26): error TS1109: Expression expected.
src/app/LandingClient.tsx(231,31): error TS1005: '}' expected.
src/app/LandingClient.tsx(231,83): error TS1381: Unexpected token. Did you mean `{'}'}` or `&rbrace;`?
src/app/LandingClient.tsx(231,84): error TS1382: Unexpected token. Did you mean `{'>'}` or `&gt;`?
src/app/LandingClient.tsx(262,12): error TS17002: Expected corresponding JSX closing tag for 'section'.
src/app/LandingClient.tsx(263,7): error TS1128: Declaration or statement expected.
src/app/LandingClient.tsx(297,5): error TS1128: Declaration or statement expected.
src/app/LandingClient.tsx(298,3): error TS1109: Expression expected.
